// Jest Snapshot v1, https://goo.gl/fbAQLP

exports[`Tile renders the chart correctly 1`] = `
<div
  className="LineChart__AnalyticsLineChartStyle-sc-1qaxxd4-0 iPVrWM"
>
  <svg
    viewBox="0 0 320 200"
  >
    <defs>
      <linearGradient
        id="colorValue"
        x1="0"
        x2="0"
        y1="0"
        y2="1"
      >
        <stop
          offset={-125.64528636414947}
          stopColor="#28c988"
          stopOpacity="1"
          strokeWidth="1.2"
        />
        <stop
          offset={-125.64528636414947}
          stopColor="#f94c4c"
          stopOpacity="1"
          strokeWidth="1.2"
        />
      </linearGradient>
    </defs>
    <path
      d="M40,170C40,170,134.3526956402018,126.8356809876267,180.01399999999998,99.32337522843923C227.78134916398582,70.54211429138842,320,0,320,0"
      fill="none"
      height={170}
      stroke="url(#colorValue)"
      strokeWidth={2}
      width={280}
    />
    <line
      fill="none"
      fillOpacity="1"
      stroke="white"
      strokeOpacity="0.3"
      strokeWidth="1"
      x1={40}
      x2={320}
      y1={-21359.69868190541}
      y2={-21359.69868190541}
    />
    <line
      fill="none"
      fillOpacity="1"
      stroke="#444C5F"
      strokeDasharray="4 3"
      strokeOpacity="0.9"
      strokeWidth="0.8"
      x1={40}
      x2={40}
      y1="0"
      y2={170}
    />
    <text
      fill="#666"
      stroke="none"
      style={
        Object {
          "fontSize": "12px",
        }
      }
      textAnchor="start"
      x={40}
      y={185}
    >
      10:20:46 a.m.
    </text>
    <text
      fill="#666"
      stroke="none"
      style={
        Object {
          "fontSize": "12px",
        }
      }
      textAnchor="end"
      x={40}
      y={185}
    >
      10:20:46 a.m.
    </text>
    <text
      fill="#666"
      stroke="none"
      style={
        Object {
          "fontSize": "12px",
        }
      }
      textAnchor="middle"
      x={18}
      y={10}
    >
      -2.7m
    </text>
    <text
      fill="#666"
      stroke="none"
      style={
        Object {
          "fontSize": "12px",
        }
      }
      textAnchor="middle"
      x={18}
      y={50}
    >
      -2.7m
    </text>
    <text
      fill="#666"
      stroke="none"
      style={
        Object {
          "fontSize": "12px",
        }
      }
      textAnchor="middle"
      x={18}
      y={90}
    >
      -2.7m
    </text>
    <text
      fill="#666"
      stroke="none"
      style={
        Object {
          "fontSize": "12px",
        }
      }
      textAnchor="middle"
      x={18}
      y={130}
    >
      -2.7m
    </text>
    <text
      fill="#666"
      stroke="none"
      style={
        Object {
          "fontSize": "12px",
        }
      }
      textAnchor="middle"
      x={18}
      y={170}
    >
      -2.7m
    </text>
  </svg>
</div>
`;

exports[`Tile renders the chart with updates 1`] = `
<div
  className="LineChart__AnalyticsLineChartStyle-sc-1qaxxd4-0 iPVrWM"
>
  <svg
    viewBox="0 0 320 200"
  >
    <defs>
      <linearGradient
        id="colorValue"
        x1="0"
        x2="0"
        y1="0"
        y2="1"
      >
        <stop
          offset={-125.64528636414947}
          stopColor="#28c988"
          stopOpacity="1"
          strokeWidth="1.2"
        />
        <stop
          offset={-125.64528636414947}
          stopColor="#f94c4c"
          stopOpacity="1"
          strokeWidth="1.2"
        />
      </linearGradient>
    </defs>
    <path
      d="M40,170C40,170,134.3526956402018,126.8356809876267,180.01399999999998,99.32337522843923C227.78134916398582,70.54211429138842,320,0,320,0"
      fill="none"
      height={170}
      stroke="url(#colorValue)"
      strokeWidth={2}
      width={280}
    />
    <line
      fill="none"
      fillOpacity="1"
      stroke="white"
      strokeOpacity="0.3"
      strokeWidth="1"
      x1={40}
      x2={320}
      y1={-21359.69868190541}
      y2={-21359.69868190541}
    />
    <line
      fill="none"
      fillOpacity="1"
      stroke="#444C5F"
      strokeDasharray="4 3"
      strokeOpacity="0.9"
      strokeWidth="0.8"
      x1={40}
      x2={40}
      y1="0"
      y2={170}
    />
    <text
      fill="#666"
      stroke="none"
      style={
        Object {
          "fontSize": "12px",
        }
      }
      textAnchor="start"
      x={40}
      y={185}
    >
      10:20:46 a.m.
    </text>
    <text
      fill="#666"
      stroke="none"
      style={
        Object {
          "fontSize": "12px",
        }
      }
      textAnchor="end"
      x={40}
      y={185}
    >
      10:20:46 a.m.
    </text>
    <text
      fill="#666"
      stroke="none"
      style={
        Object {
          "fontSize": "12px",
        }
      }
      textAnchor="middle"
      x={18}
      y={10}
    >
      -2.7m
    </text>
    <text
      fill="#666"
      stroke="none"
      style={
        Object {
          "fontSize": "12px",
        }
      }
      textAnchor="middle"
      x={18}
      y={50}
    >
      -2.7m
    </text>
    <text
      fill="#666"
      stroke="none"
      style={
        Object {
          "fontSize": "12px",
        }
      }
      textAnchor="middle"
      x={18}
      y={90}
    >
      -2.7m
    </text>
    <text
      fill="#666"
      stroke="none"
      style={
        Object {
          "fontSize": "12px",
        }
      }
      textAnchor="middle"
      x={18}
      y={130}
    >
      -2.7m
    </text>
    <text
      fill="#666"
      stroke="none"
      style={
        Object {
          "fontSize": "12px",
        }
      }
      textAnchor="middle"
      x={18}
      y={170}
    >
      -2.7m
    </text>
  </svg>
</div>
`;
