// Jest Snapshot v1, https://goo.gl/fbAQLP

exports[`PriceButton renders correct markup for ask 1`] = `
<div
  className="price-button spot-tile__price spot-tile__price--ask"
  onClick={[Function]}
>
  <span
    className="price-button__wrapper"
  >
    <span
      className="price-button__big-figure"
    >
      <span
        className="price-button__direction"
      >
        ask
      </span>
      <br />
      1000
    </span>
    <span
      className="price-button__pip"
    >
      05
    </span>
    <span
      className="price-button__tenth"
    >
      8
    </span>
  </span>
</div>
`;

exports[`PriceButton renders correct markup for bid 1`] = `
<div
  className="price-button spot-tile__price spot-tile__price--ask"
  onClick={[Function]}
>
  <span
    className="price-button__wrapper"
  >
    <span
      className="price-button__big-figure"
    >
      <span
        className="price-button__direction"
      >
        bid
      </span>
      <br />
      1000
    </span>
    <span
      className="price-button__pip"
    >
      05
    </span>
    <span
      className="price-button__tenth"
    >
      8
    </span>
  </span>
</div>
`;
