// Jest Snapshot v1, https://goo.gl/fbAQLP

exports[`PNLBar renders the bar correctly 1`] = `
.c4 {
  display: -webkit-box;
  display: -webkit-flex;
  display: -ms-flexbox;
  display: flex;
  -webkit-flex-direction: column;
  -ms-flex-direction: column;
  flex-direction: column;
}

.c0 {
  display: -webkit-box;
  display: -webkit-flex;
  display: -ms-flexbox;
  display: flex;
  -webkit-backface-visibility: hidden;
  backface-visibility: hidden;
}

.c5 {
  width: 100%;
  -webkit-transition: -webkit-transform 0.5s;
  -webkit-transition: transform 0.5s;
  transition: transform 0.5s;
  font-size: 11px;
  -webkit-transition-timing-function: cubic-bezier(0.165,0.84,0.44,1);
  transition-timing-function: cubic-bezier(0.165,0.84,0.44,1);
}

.c2 {
  -webkit-flex: 0 1 20px;
  -ms-flex: 0 1 20px;
  flex: 0 1 20px;
}

.c9 {
  width: 100%;
  height: 20px;
}

.c6 {
  -webkit-align-self: center;
  -ms-flex-item-align: center;
  align-self: center;
  height: 1.1rem;
  -webkit-transition: -webkit-transform 0.2s;
  -webkit-transition: transform 0.2s;
  transition: transform 0.2s;
  color: #ff274b;
  padding-bottom: 0px;
}

.c6:hover {
  -webkit-transform: scale(1.64);
  -ms-transform: scale(1.64);
  transform: scale(1.64);
  -webkit-transform-origin: center 12px;
  -ms-transform-origin: center 12px;
  transform-origin: center 12px;
}

.c7 {
  -webkit-align-self: center;
  -ms-flex-item-align: center;
  align-self: center;
  width: 6px;
  height: 6px;
  -webkit-transform: rotate(45deg);
  -ms-transform: rotate(45deg);
  transform: rotate(45deg);
  background-color: #ff274b;
}

.c1 {
  -webkit-flex: 0 0 60px;
  -ms-flex: 0 0 60px;
  flex: 0 0 60px;
  -webkit-align-self: center;
  -ms-flex-item-align: center;
  align-self: center;
  opacity: 0.6;
  font-size: 11px;
  color: #fff;
}

.c3 {
  width: 100%;
}

.c8 {
  background-color: #444c5f;
  height: 0.125rem;
  width: 100%;
  border: 1px solid #444c5f;
}

.c10 {
  width: 1.6px;
  height: 5px;
  background-color: #444c5f;
  border: 1px solid #444c5f;
}

<div
  className="c0"
>
  <div
    className="c1"
    data-testid="symbolLabel"
  >
    EURAUD
  </div>
  <div
    className="c2"
  />
  <div
    className="c3"
  >
    <div
      className="c4 c5"
      style={
        Object {
          "transform": "translate(-31.125428646769944%)",
        }
      }
    >
      <div
        className="c6"
        color="negative"
        data-testid="priceLabel"
        onMouseEnter={[Function]}
        onMouseLeave={[Function]}
      >
        -26k
      </div>
      <div
        className="c7"
        color="negative"
      />
    </div>
    <div
      className="c8"
    />
    <div
      className="c4 c9"
    >
      <div
        className="c10"
      />
    </div>
  </div>
</div>
`;
